level=info msg="configuring vogue (qemu/x86_64)"
level=info msg="  LN      Makefile"
level=info msg="  LN      Makefile"
level=info msg="#"
level=info msg="# No change to /mydata/JerryT/vm-final-project/.config.vogue_qemu-x86_64"
level=info msg="#"
level=info msg="building vogue (qemu/x86_64)"
level=info msg="  LN      Makefile"
level=info msg="  CP      config"
level=info msg="  GEN     libuklibid: libraries.in.new"
level=info msg="  LN      Makefile"
level=info msg="  CP      config"
level=info msg="  GEN     libsyscall_shim: provided_syscalls.in.new"
level=info msg="  GEN     libuklibid: libraries.in.new"
level=info msg="  CP      libsyscall_shim: provided_syscalls.in"
level=info msg="  CP      libuklibid: libraries.in"
level=info msg="  CC      appkmscube: main.o"
level=info msg="  LD      appkmscube.ld.o"
level=warning msg="/usr/bin/ld: warning: /mydata/JerryT/vm-final-project/.unikraft/build/appkmscube/libinfo.libuklibid.o: missing .note.GNU-stack section implies executable stack"
level=warning msg="/usr/bin/ld: NOTE: This behaviour is deprecated and will be removed in a future version of the linker"
level=info msg="  OBJCOPY appkmscube.o"
level=warning msg="/usr/bin/ld: warning: /mydata/JerryT/vm-final-project/.unikraft/build/libkvmplat.o: requires executable stack (because the .note.GNU-stack section is executable)"
level=info msg="  LD      vogue_qemu-x86_64.dbg"
level=info msg="  UKPCPUVAR vogue_qemu-x86_64.dbg.uk_pcpuvar.bin"
level=info msg="  SCSTRIP vogue_qemu-x86_64"
level=info msg="  UKBI    vogue_qemu-x86_64.bootinfo"
level=info msg="  MULTIBT vogue_qemu-x86_64.multiboot"
level=info msg="  COMPDB  compile_commands.json"
level=info msg="build completed successfully" kernel=".unikraft/build/vogue_qemu-x86_64"
vogue: build-pass image=.unikraft/build/vogue_qemu-x86_64
