Powered by
o.   .o       _ _               __ _
Oo   Oo  ___ (_) | __ __  __ _ ' _) :_
oO   oO ' _ `| | |/ /  _)' _` | |_|  _)
oOo oOO| | | | |   (| | | (_) |  _) :_
 OoOoO ._, ._:_:_,\_._,  .__,_:_, \___)
           Ijiraq 0.21.0~7351f8b-custom
uk-kmscube: booted kmscube_vgpu_gl proof harness
uk-kmscube: path=swrender+virtio-gpu-2d gles=disabled mesa=disabled
uk-kmscube: drm_compat mode=1280x800 refresh=60 scope=bounded-kmscube-only-no-generic-dev-dri-ioctl
uk-kmscube: virtio_gpu capsets=3 virgl=1 blob=1 host_visible=1
uk-kmscube: capset index=0 id=1 name=virgl
uk-kmscube: capset index=1 id=2 name=virgl2
uk-kmscube: capset index=2 id=4 name=venus
uk-kmscube: virgl_path ctx_id=1 w=1280 h=800 frames=3
uk-kmscube: virgl_frame=0 submit=1 colour=0.20,0.40,0.80
uk-kmscube: virgl_frame=1 submit=2 colour=0.80,0.20,0.40
uk-kmscube: virgl_frame=2 submit=3 colour=0.40,0.80,0.20
uk-kmscube: frame_ready marker=qmp-screendump-hold hold_ns=5000000000
uk-kmscube: frame_ready marker=qmp-screendump-release
uk-kmscube: PASS kmscube_vgpu_gl frames=3 renderer=virgl submits_3d=3 evidence_id=virgl-clear-proof real_virtio_gpu=1 w=1280 h=800
uk-venus: ring status=pass
VOGUE-DBG map_blob res=4 off=0x0 size=0x10000 hv_addr=0xc0000000 hv_size=0x20000000
uk-venus: ring registered resource=4 size=65536 buf_size=32768
uk-venus: ring flush ok tail=0 head=0
uk-venus: ring wait ok head=0 tail=0
venus_ring_protocol=pass
